// Jest Snapshot v1, https://goo.gl/fbAQLP

exports[`<SearchBar> Component renders correctly 1`] = `
.c0 {
  position: fixed;
  top: 0;
  right: 0;
  left: 0;
  border-bottom: 1px solid #d5d5d5;
  background-color: #ffffff;
  z-index: 2;
  padding: 10px 5px;
}

.c1 {
  max-width: 500px;
  margin: 0 auto;
  display: -webkit-box;
  display: -webkit-flex;
  display: -ms-flexbox;
  display: flex;
}

.c2 {
  height: 30px;
  box-sizing: border-box;
  -webkit-flex: 1 1 0;
  -ms-flex: 1 1 0;
  flex: 1 1 0;
  padding: 0 5px;
  font-size: 14px;
}

.c3 {
  height: 30px;
  box-sizing: border-box;
  -webkit-flex: 0 0 70px;
  -ms-flex: 0 0 70px;
  flex: 0 0 70px;
}

<div
  class="c0"
>
  <form
    class="c1"
  >
    <input
      class="c2"
      name="search"
      placeholder="Search youtube"
      type="text"
    >
      
    </input>
    <button
      class="c3"
    >
      Search
    </button>
  </form>
</div>
`;
